2026-08-28 23:36:06,221 [INFO] [CLEAN:nf] Raw 2600건 → tb_nf_stock (배치 500)
2026-08-28 23:37:38,739 [INFO] [CLEAN:nf] Raw 2600건 → tb_nf_stock (배치 500)
2026-08-28 23:38:54,819 [INFO] [CLEAN:nf] Raw 2600건 → tb_nf_stock (배치 500)
2026-08-28 23:43:10,401 [INFO] [CLEAN:nf] Raw 2600건 → tb_nf_stock (배치 500)
2026-08-28 23:44:57,330 [INFO] [CLEAN:nf] Raw 2600건 → tb_nf_stock (배치 500)
2026-08-28 23:45:23,988 [INFO] [CLEAN:nf] Raw 2600건 → tb_nf_stock (배치 500)
2026-08-28 23:47:55,575 [INFO] [CLEAN:nf] Raw 2600건 → tb_nf_stock (배치 500)
2026-08-28 23:47:55,600 [INFO]  적재 500 / 2600
2026-08-28 23:47:55,600 [INFO] ─────── 정제 요약 : nf → tb_nf_stock ───────
2026-08-28 23:47:55,600 [INFO] 변환 건수      읽음 500 · 적재 500
2026-08-28 23:47:55,603 [INFO] 기간           2025-08-05 ~ 2026-08-28
2026-08-28 23:47:55,603 [INFO] 종목수         2
2026-08-28 23:47:55,603 [INFO] 중복률         0.00% (중복 제거 0건)
2026-08-28 23:47:55,625 [INFO]  적재 1000 / 2600
2026-08-28 23:47:55,626 [INFO] ─────── 정제 요약 : nf → tb_nf_stock ───────
2026-08-28 23:47:55,626 [INFO] 변환 건수      읽음 1000 · 적재 1000
2026-08-28 23:47:55,626 [INFO] 기간           2025-08-05 ~ 2026-08-28
2026-08-28 23:47:55,627 [INFO] 종목수         4
2026-08-28 23:47:55,627 [INFO] 중복률         0.00% (중복 제거 0건)
2026-08-28 23:47:55,649 [INFO]  적재 1500 / 2600
2026-08-28 23:47:55,649 [INFO] ─────── 정제 요약 : nf → tb_nf_stock ───────
2026-08-28 23:47:55,649 [INFO] 변환 건수      읽음 1500 · 적재 1500
2026-08-28 23:47:55,650 [INFO] 기간           2025-08-05 ~ 2026-08-28
2026-08-28 23:47:55,650 [INFO] 종목수         6
2026-08-28 23:47:55,651 [INFO] 중복률         0.00% (중복 제거 0건)
2026-08-28 23:47:55,672 [INFO]  적재 2000 / 2600
2026-08-28 23:47:55,672 [INFO] ─────── 정제 요약 : nf → tb_nf_stock ───────
2026-08-28 23:47:55,673 [INFO] 변환 건수      읽음 2000 · 적재 2000
2026-08-28 23:47:55,673 [INFO] 기간           2025-08-05 ~ 2026-08-28
2026-08-28 23:47:55,674 [INFO] 종목수         8
2026-08-28 23:47:55,674 [INFO] 중복률         0.00% (중복 제거 0건)
2026-08-28 23:47:55,698 [INFO]  적재 2500 / 2600
2026-08-28 23:47:55,698 [INFO] ─────── 정제 요약 : nf → tb_nf_stock ───────
2026-08-28 23:47:55,698 [INFO] 변환 건수      읽음 2500 · 적재 2500
2026-08-28 23:47:55,699 [INFO] 기간           2025-08-05 ~ 2026-08-28
2026-08-28 23:47:55,700 [INFO] 종목수         10
2026-08-28 23:47:55,700 [INFO] 중복률         0.00% (중복 제거 0건)
2026-08-28 23:47:55,708 [INFO]  적재 2600 / 2600
2026-08-28 23:47:55,708 [INFO] ─────── 정제 요약 : nf → tb_nf_stock ───────
2026-08-28 23:47:55,708 [INFO] 변환 건수      읽음 2600 · 적재 2600
2026-08-28 23:47:55,709 [INFO] 기간           2025-08-05 ~ 2026-08-28
2026-08-28 23:47:55,709 [INFO] 종목수         10
2026-08-28 23:47:55,709 [INFO] 중복률         0.00% (중복 제거 0건)
2026-08-28 23:47:55,741 [INFO] [CLEAN:fsc] Raw 2420건 → tb_fsc_stock (배치 500)
2026-08-28 23:47:55,766 [INFO]  적재 500 / 2420
2026-08-28 23:47:55,767 [INFO] ─────── 정제 요약 : fsc → tb_fsc_stock ───────
2026-08-28 23:47:55,767 [INFO] 변환 건수      읽음 500 · 적재 500
2026-08-28 23:47:55,767 [INFO] 기간           2025-01-02 ~ 2025-12-30
2026-08-28 23:47:55,768 [INFO] 종목수         3
2026-08-28 23:47:55,768 [INFO] 중복률         0.00% (중복 제거 0건)
2026-08-28 23:47:55,790 [INFO]  적재 1000 / 2420
2026-08-28 23:47:55,790 [INFO] ─────── 정제 요약 : fsc → tb_fsc_stock ───────
2026-08-28 23:47:55,790 [INFO] 변환 건수      읽음 1000 · 적재 1000
2026-08-28 23:47:55,791 [INFO] 기간           2025-01-02 ~ 2025-12-30
2026-08-28 23:47:55,791 [INFO] 종목수         5
2026-08-28 23:47:55,791 [INFO] 중복률         0.00% (중복 제거 0건)
2026-08-28 23:47:55,815 [INFO]  적재 1500 / 2420
2026-08-28 23:47:55,815 [INFO] ─────── 정제 요약 : fsc → tb_fsc_stock ───────
2026-08-28 23:47:55,815 [INFO] 변환 건수      읽음 1500 · 적재 1500
2026-08-28 23:47:55,816 [INFO] 기간           2025-01-02 ~ 2025-12-30
2026-08-28 23:47:55,816 [INFO] 종목수         7
2026-08-28 23:47:55,817 [INFO] 중복률         0.00% (중복 제거 0건)
2026-08-28 23:47:55,838 [INFO]  적재 2000 / 2420
2026-08-28 23:47:55,839 [INFO] ─────── 정제 요약 : fsc → tb_fsc_stock ───────
2026-08-28 23:47:55,839 [INFO] 변환 건수      읽음 2000 · 적재 2000
2026-08-28 23:47:55,840 [INFO] 기간           2025-01-02 ~ 2025-12-30
2026-08-28 23:47:55,841 [INFO] 종목수         9
2026-08-28 23:47:55,841 [INFO] 중복률         0.00% (중복 제거 0건)
2026-08-28 23:47:55,867 [INFO]  적재 2420 / 2420
2026-08-28 23:47:55,868 [INFO] ─────── 정제 요약 : fsc → tb_fsc_stock ───────
2026-08-28 23:47:55,868 [INFO] 변환 건수      읽음 2420 · 적재 2420
2026-08-28 23:47:55,869 [INFO] 기간           2025-01-02 ~ 2025-12-30
2026-08-28 23:47:55,870 [INFO] 종목수         10
2026-08-28 23:47:55,870 [INFO] 중복률         0.00% (중복 제거 0건)
